[21:51:52] [Server thread/INFO]: Starting minecraft server version 1.8.8
[21:51:52] [Server thread/INFO]: Loading properties
[21:51:52] [Server thread/INFO]: Default game type: SURVIVAL
[21:51:52] [Server thread/INFO]: This server is running CraftBukkit version git-PaperSpigot-445 (MC: 1.8.8) (Implementing API version 1.8.8-R0.1-SNAPSHOT)
[21:51:53] [Server thread/INFO]: Spigot Timings: true - Verbose: true - Interval: 5m - Length: 60m
[21:51:53] [Server thread/INFO]: Server Ping Player Sample Count: 12
[21:51:53] [Server thread/INFO]: Using 4 threads for Netty based IO
[21:51:53] [Server thread/INFO]: Debug logging is disabled
[21:51:53] [Server thread/INFO]: Data value allowed items: 
[21:51:53] [Server thread/INFO]: Generating keypair
[21:51:53] [Server thread/INFO]: Starting Minecraft server on *:14061
[21:51:53] [Server thread/INFO]: Using default channel type
[21:51:53] [Server thread/WARN]: **** SERVER IS RUNNING IN OFFLINE/INSECURE MODE!
[21:51:53] [Server thread/WARN]: The server will make no attempt to authenticate usernames. Beware.
[21:51:53] [Server thread/WARN]: While this makes the game possible to play without internet access, it also opens up the ability for hackers to connect with any username they choose.
[21:51:53] [Server thread/WARN]: To change this, set "online-mode" to "true" in the server.properties file.
[21:51:53] [Server thread/INFO]: **** Beginning UUID conversion, this may take A LONG time ****
[21:51:53] [Server thread/INFO]: Preparing level "lobby"
[21:51:53] [Server thread/INFO]: -------- World Settings For [lobby] --------
[21:51:53] [Server thread/INFO]: Entity Activation Range: An 32 / Mo 32 / Mi 16
[21:51:53] [Server thread/INFO]: Entity Tracking Range: Pl 48 / An 48 / Mo 48 / Mi 32 / Other 64
[21:51:53] [Server thread/INFO]: Hopper Transfer: 8 Hopper Check: 8 Hopper Amount: 1
[21:51:53] [Server thread/INFO]: Random Lighting Updates: false
[21:51:53] [Server thread/INFO]: Structure Info Saving: true
[21:51:53] [Server thread/INFO]: Anti X-Ray: true
[21:51:53] [Server thread/INFO]: 	Engine Mode: 1
[21:51:53] [Server thread/INFO]: 	Hidden Blocks: [14, 15, 16, 21, 48, 49, 54, 56, 73, 74, 82, 129, 130]
[21:51:53] [Server thread/INFO]: 	Replace Blocks: [1, 5]
[21:51:53] [Server thread/INFO]: Nerfing mobs spawned from spawners: false
[21:51:53] [Server thread/INFO]: Cactus Growth Modifier: 100%
[21:51:53] [Server thread/INFO]: Cane Growth Modifier: 100%
[21:51:53] [Server thread/INFO]: Melon Growth Modifier: 100%
[21:51:53] [Server thread/INFO]: Mushroom Growth Modifier: 100%
[21:51:53] [Server thread/INFO]: Pumpkin Growth Modifier: 100%
[21:51:53] [Server thread/INFO]: Sapling Growth Modifier: 100%
[21:51:53] [Server thread/INFO]: Wheat Growth Modifier: 100%
[21:51:53] [Server thread/INFO]: NetherWart Growth Modifier: 100%
[21:51:53] [Server thread/INFO]: Mob Spawn Range: 4
[21:51:53] [Server thread/INFO]: Sending up to 10 chunks per packet
[21:51:53] [Server thread/INFO]: Max Entity Collisions: 8
[21:51:53] [Server thread/INFO]: Custom Map Seeds:  Village: 10387312 Feature: 14357617
[21:51:53] [Server thread/INFO]: Max TNT Explosions: 100
[21:51:53] [Server thread/INFO]: Tile Max Tick Time: 50ms Entity max Tick Time: 50ms
[21:51:53] [Server thread/INFO]: Item Despawn Rate: 6000
[21:51:53] [Server thread/INFO]: Item Merge Radius: 2.5
[21:51:53] [Server thread/INFO]: View Distance: 10
[21:51:53] [Server thread/INFO]: Arrow Despawn Rate: 1200
[21:51:53] [Server thread/INFO]: Allow Zombie Pigmen to spawn from portal blocks: true
[21:51:53] [Server thread/INFO]: Zombie Aggressive Towards Villager: true
[21:51:53] [Server thread/INFO]: Chunks to Grow per Tick: 650
[21:51:53] [Server thread/INFO]: Clear tick list: false
[21:51:53] [Server thread/INFO]: Experience Merge Radius: 3.0
[21:51:53] [Server thread/INFO]: -------- World Settings For [lobby] --------
[21:51:53] [Server thread/INFO]: Squids will spawn between Y: 45.0 and Y: 63.0
[21:51:53] [Server thread/INFO]: Player blocking damage multiplier set to 0.5
[21:51:53] [Server thread/INFO]: Remove invalid mob spawner tile entities: true
[21:51:53] [Server thread/INFO]: Living Entity Despawn Ranges:  Soft: 32 Hard: 128
[21:51:53] [Server thread/INFO]: Max height for cactus growth 3. Max height for reed growth 3
[21:51:53] [Server thread/INFO]: Water over lava flow speed: 5
[21:51:53] [Server thread/INFO]: Fix TNT cannons: false
[21:51:53] [Server thread/INFO]: Allow undead horse types to be leashed: false
[21:51:53] [Server thread/INFO]: Keep spawn chunk loaded: true
[21:51:53] [Server thread/INFO]: WorldServer TickNextTick cap set at 10000
[21:51:53] [Server thread/INFO]: WorldServer TickNextTickList cap always processes redstone: false
[21:51:53] [Server thread/INFO]: World async lighting: false
[21:51:53] [Server thread/INFO]: -------- World Settings For [lobby_nether] --------
[21:51:53] [Server thread/INFO]: Entity Activation Range: An 32 / Mo 32 / Mi 16
[21:51:53] [Server thread/INFO]: Entity Tracking Range: Pl 48 / An 48 / Mo 48 / Mi 32 / Other 64
[21:51:53] [Server thread/INFO]: Hopper Transfer: 8 Hopper Check: 8 Hopper Amount: 1
[21:51:53] [Server thread/INFO]: Random Lighting Updates: false
[21:51:53] [Server thread/INFO]: Structure Info Saving: true
[21:51:53] [Server thread/INFO]: Anti X-Ray: true
[21:51:53] [Server thread/INFO]: 	Engine Mode: 1
[21:51:53] [Server thread/INFO]: 	Hidden Blocks: [14, 15, 16, 21, 48, 49, 54, 56, 73, 74, 82, 129, 130]
[21:51:53] [Server thread/INFO]: 	Replace Blocks: [1, 5]
[21:51:53] [Server thread/INFO]: Nerfing mobs spawned from spawners: false
[21:51:53] [Server thread/INFO]: Cactus Growth Modifier: 100%
[21:51:53] [Server thread/INFO]: Cane Growth Modifier: 100%
[21:51:53] [Server thread/INFO]: Melon Growth Modifier: 100%
[21:51:53] [Server thread/INFO]: Mushroom Growth Modifier: 100%
[21:51:53] [Server thread/INFO]: Pumpkin Growth Modifier: 100%
[21:51:53] [Server thread/INFO]: Sapling Growth Modifier: 100%
[21:51:53] [Server thread/INFO]: Wheat Growth Modifier: 100%
[21:51:53] [Server thread/INFO]: NetherWart Growth Modifier: 100%
[21:51:53] [Server thread/INFO]: Mob Spawn Range: 4
[21:51:53] [Server thread/INFO]: Sending up to 10 chunks per packet
[21:51:53] [Server thread/INFO]: Max Entity Collisions: 8
[21:51:53] [Server thread/INFO]: Custom Map Seeds:  Village: 10387312 Feature: 14357617
[21:51:53] [Server thread/INFO]: Max TNT Explosions: 100
[21:51:53] [Server thread/INFO]: Tile Max Tick Time: 50ms Entity max Tick Time: 50ms
[21:51:53] [Server thread/INFO]: Item Despawn Rate: 6000
[21:51:53] [Server thread/INFO]: Item Merge Radius: 2.5
[21:51:53] [Server thread/INFO]: View Distance: 10
[21:51:53] [Server thread/INFO]: Arrow Despawn Rate: 1200
[21:51:53] [Server thread/INFO]: Allow Zombie Pigmen to spawn from portal blocks: true
[21:51:53] [Server thread/INFO]: Zombie Aggressive Towards Villager: true
[21:51:53] [Server thread/INFO]: Chunks to Grow per Tick: 650
[21:51:53] [Server thread/INFO]: Clear tick list: false
[21:51:53] [Server thread/INFO]: Experience Merge Radius: 3.0
[21:51:53] [Server thread/INFO]: -------- World Settings For [lobby_nether] --------
[21:51:53] [Server thread/INFO]: Squids will spawn between Y: 45.0 and Y: 63.0
[21:51:53] [Server thread/INFO]: Player blocking damage multiplier set to 0.5
[21:51:53] [Server thread/INFO]: Remove invalid mob spawner tile entities: true
[21:51:53] [Server thread/INFO]: Living Entity Despawn Ranges:  Soft: 32 Hard: 128
[21:51:53] [Server thread/INFO]: Max height for cactus growth 3. Max height for reed growth 3
[21:51:53] [Server thread/INFO]: Water over lava flow speed: 5
[21:51:53] [Server thread/INFO]: Fix TNT cannons: false
[21:51:53] [Server thread/INFO]: Allow undead horse types to be leashed: false
[21:51:53] [Server thread/INFO]: Keep spawn chunk loaded: true
[21:51:53] [Server thread/INFO]: WorldServer TickNextTick cap set at 10000
[21:51:53] [Server thread/INFO]: WorldServer TickNextTickList cap always processes redstone: false
[21:51:53] [Server thread/INFO]: World async lighting: false
[21:51:53] [Server thread/INFO]: -------- World Settings For [lobby_the_end] --------
[21:51:53] [Server thread/INFO]: Entity Activation Range: An 32 / Mo 32 / Mi 16
[21:51:53] [Server thread/INFO]: Entity Tracking Range: Pl 48 / An 48 / Mo 48 / Mi 32 / Other 64
[21:51:53] [Server thread/INFO]: Hopper Transfer: 8 Hopper Check: 8 Hopper Amount: 1
[21:51:53] [Server thread/INFO]: Random Lighting Updates: false
[21:51:53] [Server thread/INFO]: Structure Info Saving: true
[21:51:53] [Server thread/INFO]: Anti X-Ray: true
[21:51:53] [Server thread/INFO]: 	Engine Mode: 1
[21:51:53] [Server thread/INFO]: 	Hidden Blocks: [14, 15, 16, 21, 48, 49, 54, 56, 73, 74, 82, 129, 130]
[21:51:53] [Server thread/INFO]: 	Replace Blocks: [1, 5]
[21:51:53] [Server thread/INFO]: Nerfing mobs spawned from spawners: false
[21:51:53] [Server thread/INFO]: Cactus Growth Modifier: 100%
[21:51:53] [Server thread/INFO]: Cane Growth Modifier: 100%
[21:51:53] [Server thread/INFO]: Melon Growth Modifier: 100%
[21:51:53] [Server thread/INFO]: Mushroom Growth Modifier: 100%
[21:51:53] [Server thread/INFO]: Pumpkin Growth Modifier: 100%
[21:51:53] [Server thread/INFO]: Sapling Growth Modifier: 100%
[21:51:53] [Server thread/INFO]: Wheat Growth Modifier: 100%
[21:51:53] [Server thread/INFO]: NetherWart Growth Modifier: 100%
[21:51:53] [Server thread/INFO]: Mob Spawn Range: 4
[21:51:53] [Server thread/INFO]: Sending up to 10 chunks per packet
[21:51:53] [Server thread/INFO]: Max Entity Collisions: 8
[21:51:53] [Server thread/INFO]: Custom Map Seeds:  Village: 10387312 Feature: 14357617
[21:51:53] [Server thread/INFO]: Max TNT Explosions: 100
[21:51:53] [Server thread/INFO]: Tile Max Tick Time: 50ms Entity max Tick Time: 50ms
[21:51:53] [Server thread/INFO]: Item Despawn Rate: 6000
[21:51:53] [Server thread/INFO]: Item Merge Radius: 2.5
[21:51:53] [Server thread/INFO]: View Distance: 10
[21:51:53] [Server thread/INFO]: Arrow Despawn Rate: 1200
[21:51:53] [Server thread/INFO]: Allow Zombie Pigmen to spawn from portal blocks: true
[21:51:53] [Server thread/INFO]: Zombie Aggressive Towards Villager: true
[21:51:53] [Server thread/INFO]: Chunks to Grow per Tick: 650
[21:51:53] [Server thread/INFO]: Clear tick list: false
[21:51:53] [Server thread/INFO]: Experience Merge Radius: 3.0
[21:51:53] [Server thread/INFO]: -------- World Settings For [lobby_the_end] --------
[21:51:53] [Server thread/INFO]: Squids will spawn between Y: 45.0 and Y: 63.0
[21:51:53] [Server thread/INFO]: Player blocking damage multiplier set to 0.5
[21:51:53] [Server thread/INFO]: Remove invalid mob spawner tile entities: true
[21:51:53] [Server thread/INFO]: Living Entity Despawn Ranges:  Soft: 32 Hard: 128
[21:51:53] [Server thread/INFO]: Max height for cactus growth 3. Max height for reed growth 3
[21:51:53] [Server thread/INFO]: Water over lava flow speed: 5
[21:51:53] [Server thread/INFO]: Fix TNT cannons: false
[21:51:53] [Server thread/INFO]: Allow undead horse types to be leashed: false
[21:51:53] [Server thread/INFO]: Keep spawn chunk loaded: true
[21:51:53] [Server thread/INFO]: WorldServer TickNextTick cap set at 10000
[21:51:53] [Server thread/INFO]: WorldServer TickNextTickList cap always processes redstone: false
[21:51:53] [Server thread/INFO]: World async lighting: false
[21:51:53] [Server thread/INFO]: Preparing start region for level 0 (Seed: 465455391925736727)
[21:51:54] [Server thread/INFO]: Preparing start region for level 1 (Seed: 3862983560670172402)
[21:51:55] [Server thread/INFO]: Preparing start region for level 2 (Seed: 3862983560670172402)
[21:51:55] [Server thread/INFO]: Server permissions file permissions.yml is empty, ignoring it
[21:51:55] [Server thread/INFO]: Done (2.099s)! For help, type "help" or "?"
[21:51:55] [Server thread/INFO]: Starting GS4 status listener
[21:51:55] [Query Listener #1/INFO]: Query running on 0.0.0.0:9898
[21:51:55] [Server thread/INFO]: Timings Reset
